ch9	9.1	HUN
ch9	9.1	ENG
ch9	9.2	HUN
ch9	9.3a	HUN
ch9	9.3a	ENG
ch9	9.3b	HUN
ch9	9.3b	ENG
ch9	9.3c	HUN
ch9	9.3c	ENG
ch9	9.4	HUN
ch9	9.4	ENG
ch9	9.5a	HUN
ch9	9.5a	ENG
ch9	9.5b	HUN
ch9	9.5b	ENG
ch9	9.6a	HUN
ch9	9.6a	ENG
ch9	9.6b	HUN
ch9	9.7a	HUN
ch9	9.7a	ENG
ch9	9.7b	HUN
ch9	9.7b	ENG
ch9	9.7c	HUN
ch9	9.8	HUN
ch9	9.8	ENG
ch9	9.9a	HUN
ch9	9.9a	ENG
ch9	9.9b	HUN
ch9	9.10	HUN
ch9	9.11	HUN
ch9	9.11	ENG
ch9	9.12	HUN
ch9	9.12	ENG
ch9	9.13a	HUN
ch9	9.13a	ENG
ch9	9.13b	HUN
ch9	9.13b	ENG
ch9	9.14	HUN
ch9	9.14	ENG
ch9	9.15	HUN
ch9	9.16	ENG
ch9	9.f3a	HUN
ch9	9.f3a	ENG
ch9	9.f3b	HUN
ch9	9.f3b	ENG
ch9	9.f4	HUN
ch9	9.f4	ENG
ch9	9.f8	HUN
ch9	9.f8	ENG
ch9	9.f10	HUN
ch9	9.f10	ENG
ch9	9.f13	HUN
ch9	9.f13	ENG
ch9	9.f16	HUN
ch9	9.f16	ENG
ch9	9.f18a	HUN
ch9	9.f18a	ENG
ch9	9.f18b	HUN
ch9	E1	ENG
ch9	E2	HUN
ch9	E2	ENG
ch9	E3a	HUN
ch9	E3a	ENG
ch9	E3b	HUN
ch9	E3b	ENG
ch9	E5	HUN
ch9	E5	ENG
ch9	E6	HUN
ch9	E6	ENG
ch9	E7	HUN
ch9	E7	ENG
ch9	E9	HUN
ch9	E9	ENG
ch9	E10	HUN
ch9	E10	ENG
ch9	E11	HUN
ch9	E11	ENG
ch9	E12	HUN
ch9	E12	ENG
ch9	E13	HUN
ch9	E13	ENG
ch9	E14	HUN
ch9	E14	ENG
ch9	BM1	HUN
ch9	BM1	ENG
ch9	BM2	HUN
ch9	BM3	HUN
ch9	BM4	HUN
ch9	9.10bw	HUN
ch9	9.10bw	HUN
ch9	9.10bw	HUN
ch9	9.10bw	HUN
ch9	9.10bw	HUN
front	F10	HUN
front	F10	ENG
front	F7	HUN
front	F7	ENG
front	F2	HUN
front	F2	ENG
front	F3	HUN
front	F3	ENG
front	F1	HUN
front	F1	ENG
front	F8	HUN
front	F8	ENG
front	F9	HUN
front	F9	ENG
front	F4	HUN
front	F4	ENG
front	F11a	HUN
front	F11a	ENG
front	F11b	HUN
front	F11b	ENG
front	F5	HUN
front	F5	ENG
front	F6	HUN
front	F6	ENG
front	F19	HUN
front	F19	ENG
front	F13	HUN
front	F13	ENG
front	F15	HUN
front	F17	HUN
front	F17	ENG
front	F12	HUN
front	F12	ENG
front	F14	HUN
front	F14	ENG
front	F16	HUN
front	F18a	HUN
front	F18a	ENG
front	F18b	HUN
front	F18b	ENG
ch1	1.150	HUN
ch1	1.152	HUN
ch1	1.154	HUN
ch1	1.168	HUN
ch1	1.170	HUN
ch1	1.168	ENG
ch1	1.180	HUN
ch1	1.180	ENG
ch1	1.186	HUN
ch1	1.186	ENG
ch1	1.188	HUN
ch1	1.188	ENG
ch1	1.192a	HUN
ch1	1.192a	ENG
ch1	1.192b	HUN
ch1	1.192c	HUN
ch1	1.196	HUN
ch1	1.196	ENG
ch1	1.198	HUN
ch1	1.198	ENG
ch1	1.198b	ENG
ch1	1.204	HUN
ch1	1.204	ENG
ch1	1.238a	HUN
ch1	1.238a	ENG
ch1	1.238b	HUN
ch1	1.238b	ENG
ch1	1.242	HUN
ch1	1.256	HUN
ch1	1.256	ENG
ch1	1.274	HUN
ch1	1.286	HUN
ch1	1.286a	ENG
ch1	1.286b	ENG
ch1	1.290	HUN
ch1	1.290	ENG
ch1	1.306	HUN
ch1	1.306	ENG
ch1	1.312	HUN
ch1	1.326	HUN
ch1	1.326	ENG
ch1	1.348	HUN
ch1	1.348	ENG
ch1	1.370a	HUN
ch1	1.370a	ENG
ch1	1.370b	HUN
ch1	1.370b	ENG
ch1	1.376	HUN
ch1	1.376	ENG
ch1	1.382	HUN
ch1	1.382	ENG
ch1	1.402	HUN
ch1	1.402	ENG
ch1	1.410	HUN
ch1	1.410	ENG
ch1	1.414	HUN
ch1	1.414	ENG
ch1	1.432	HUN
ch1	1.432	ENG
ch1	1.440	HUN
ch1	1.440	ENG
ch1	1.444	HUN
ch1	1.444	ENG
ch1	1.452a	HUN
ch1	1.452a	ENG
ch1	1.452b	HUN
ch1	1.452b	ENG
ch1	1.452c	HUN
ch1	1.452c	ENG
ch1	1.478	HUN
ch1	1.478	ENG
ch1	1.484	HUN
ch1	1.484	ENG
ch1	1.496	HUN
ch1	1.496	ENG
ch1	1.498	HUN
ch1	1.498	ENG
ch1	1.502	HUN
ch1	1.502	ENG
ch1	1.506	HUN
ch1	1.506	ENG
ch1	1.508	HUN
ch1	1.508	ENG
ch1	1.524	HUN
ch1	1.524	ENG
ch1	1.530	HUN
ch1	1.530	ENG
ch1	1.558	HUN
ch1	1.558	ENG
ch1	1.574	HUN
ch1	1.574	ENG
ch1	1.588a	HUN
ch1	1.588a	ENG
ch1	1.588b	HUN
ch1	1.588b	ENG
ch1	1.592a	HUN
ch1	1.592a	ENG
ch1	1.592b	HUN
ch1	1.592b	ENG
ch1	1.594	HUN
ch1	1.594	ENG
ch1	1.596	HUN
ch1	1.596	ENG
ch1	1.606	HUN
ch1	1.606	ENG
ch1	1.f5	HUN
ch1	1.f5	ENG
ch1	1.f11a	HUN
ch1	1.f11a	ENG
ch1	1.f11b	HUN
ch1	1.f11b	ENG
ch1	1.f11c	HUN
ch1	1.f11c	ENG
ch1	1.f19	HUN
ch1	1.f19	ENG
ch1	1.588c	HUN
ch1	1.588d	HUN
ch1	1.590	HUN
ch1	1.588c	ENG
ch1	1.588d	ENG
ch1	1.590	ENG
ch2	2.687a	HUN
ch2	2.687a	ENG
ch2	2.691	HUN
ch2	2.695	HUN
ch2	2.695	ENG
ch2	2.697	HUN
ch2	2.721	HUN
ch2	2.721	ENG
ch2	2.723	HUN
ch2	2.723	ENG
ch2	2.725	HUN
ch2	2.725	ENG
ch2	2.735	HUN
ch2	2.735	ENG
ch2	2.751	HUN
ch2	2.751	ENG
ch2	2.755	HUN
ch2	2.755	ENG
ch2	2.759	HUN
ch2	2.795	HUN
ch2	2.795	ENG
ch2	2.797	HUN
ch2	2.797	ENG
ch2	2.799	HUN
ch2	2.799	ENG
ch2	2.807	HUN
ch2	2.807	ENG
ch2	2.853	HUN
ch2	2.865	HUN
ch2	2.865	ENG
ch2	2.943	HUN
ch2	2.945	HUN
ch2	2.955a	HUN
ch2	2.955a	ENG
ch2	2.955b	HUN
ch2	2.957	HUN
ch2	2.959	HUN
ch2	2.961	HUN
ch2	2.961	ENG
ch2	2.1009	HUN
ch2	2.1023	HUN
ch2	2.1029	HUN
ch2	2.1029	ENG
ch2	2.1033	HUN
ch2	2.1033	ENG
ch2	2.1035	HUN
ch2	2.1041	HUN
ch2	2.1041	ENG
ch2	2.1059	HUN
ch2	2.1065	HUN
ch2	2.1065	ENG
ch2	2.f1	HUN
ch2	2.f1	ENG
ch2	2.f3	HUN
ch2	2.f5	HUN
ch2	2.f13	HUN
ch2_restore	2.R1a	HUN
ch2_restore	2.R1b	HUN
ch2_restore	2.R1c	HUN
ch2_restore	2.R1a	ENG
ch2_restore	2.R1b	ENG
ch2_restore	2.R1c	ENG
ch2_restore	2.R2a	HUN
ch2_restore	2.R2a	ENG
ch2_restore	2.R2b	HUN
ch2_restore	2.R2b	ENG
ch3a	3.1148	HUN
ch3a	3.1148	ENG
ch3a	3.1156	HUN
ch3a	3.1156	ENG
ch3a	3.1188	HUN
ch3a	3.1188	ENG
ch3a	3.1204	HUN
ch3a	3.1206	HUN
ch3a	3.1206	ENG
ch3a	3.1208a	HUN
ch3a	3.1208a	ENG
ch3a	3.1208b	HUN
ch3a	3.1208b	ENG
ch3a	3.1210	HUN
ch3a	3.1210	ENG
ch3a	3.1228	HUN
ch3a	3.1228	ENG
ch3a	3.1230	HUN
ch3a	3.1230	ENG
ch3a	3.1232	HUN
ch3a	3.1232	ENG
ch3a	3.1242	HUN
ch3a	3.1242	ENG
ch3a	3.1280	HUN
ch3a	3.1280	ENG
ch3a	3.1284	HUN
ch3a	3.1284	ENG
ch3a	3.1290	HUN
ch3a	3.1290	ENG
ch3a	3.1292	HUN
ch3a	3.1292	ENG
ch3a	3.1300	HUN
ch3a	3.1300	ENG
ch3a	3.1348a	HUN
ch3a	3.1348b	HUN
ch3a	3.1348	ENG
ch3a	3.1354	HUN
ch3a	3.1354	ENG
ch3b	3.gt	HUN
ch3b	3.1431	HUN
ch3b	3.1431	ENG
ch3b	3.1433	HUN
ch3b	3.1433	ENG
ch3b	3.1437a	HUN
ch3b	3.1437a	ENG
ch3b	3.1437b	ENG
ch3b	3.1437c	HUN
ch3b	3.1437c	ENG
ch3b	3.1443	HUN
ch3b	3.1443	ENG
ch3b	3.1449	HUN
ch3b	3.1449	ENG
ch3b	3.1457a	HUN
ch3b	3.1457a	ENG
ch3b	3.1457b	HUN
ch3b	3.1457b	ENG
ch3b	3.1467	HUN
ch3b	3.1467	ENG
ch3b	3.1513	HUN
ch3b	3.1513	ENG
ch3b	3.1525a	HUN
ch3b	3.1525a	ENG
ch3b	3.1525b	HUN
ch3b	3.1525b	ENG
ch3b	3.1573	HUN
ch3b	3.1573	ENG
ch3b	3.1595	HUN
ch3b	3.1597	HUN
ch3b	3.1597	ENG
ch3b	3.1605	HUN
ch3b	3.1605	ENG
ch3c	3.1673	HUN
ch3c	3.1673	ENG
ch3c	3.1703	HUN
ch3c	3.1703	ENG
ch3c	3.1705	HUN
ch3c	3.1705	ENG
ch3c	3.1715	HUN
ch3c	3.1715	ENG
ch3c	3.1753	HUN
ch3c	3.1753	ENG
ch3c	3.1761	HUN
ch3c	3.1761	ENG
ch3c	3.1763	HUN
ch3c	3.1763	ENG
ch3c	3.1771	HUN
ch3c	3.1771	ENG
ch3c	3.1781	HUN
ch3c	3.1781	ENG
ch3c	3.1785	HUN
ch3c	3.1785	ENG
ch3c	3.1793	HUN
ch3c	3.1793	ENG
ch3c	3.1793b	ENG
ch3c	3.f11	HUN
ch3c	3.f11	ENG
ch3c	3.f20	HUN
ch3c	3.f20	ENG
ch3c	3.f22	HUN
ch3c	3.f22	ENG
ch3c	3.f25	HUN
ch3c	3.f25a	ENG
ch3c	3.f25b	ENG
ch3c	3.f28	HUN
ch3c	3.f28	ENG
ch3c	3.f30	HUN
ch3c	3.f30	ENG
ch3c	1.f12-13	HUN
ch3c	1.f12-13	ENG
ch4a	4.1910a	HUN
ch4a	4.1910a	ENG
ch4a	4.1910b	HUN
ch4a	4.1910b	ENG
ch4a	4.1924	HUN
ch4a	4.1924	ENG
ch4a	4.1938	HUN
ch4a	4.1938	ENG
ch4a	4.1962a	HUN
ch4a	4.1962a	ENG
ch4a	4.1962b	HUN
ch4a	4.1962b	ENG
ch4a	4.1966	HUN
ch4a	4.1966	ENG
ch4a	4.1974	HUN
ch4a	4.1974	ENG
ch4a	4.1976	HUN
ch4a	4.1976	ENG
ch4a	4.1978	HUN
ch4a	4.1978	ENG
ch4a	4.1990	HUN
ch4a	4.1990	ENG
ch4a	4.1998	HUN
ch4a	4.1998	ENG
ch4a	4.2004	HUN
ch4a	4.2004	ENG
ch4a	4.2008	HUN
ch4a	4.2008	ENG
ch4a	4.2016	HUN
ch4a	4.2016	ENG
ch4a	4.2020	HUN
ch4a	4.2020	ENG
ch4a	4.2032a	HUN
ch4a	4.2032a	ENG
ch4a	4.2032b	HUN
ch4a	4.2032b	ENG
ch4a	4.2038	HUN
ch4a	4.2038	ENG
ch4a	4.2044	HUN
ch4a	4.2050	HUN
ch4a	4.2044	ENG
ch4a	4.2050a	ENG
bookwide	BW.salamahh	HUN
bookwide	BW.salmah	ENG
bookwide	BW.abusalamah	HUN
bookwide	BW.abusalamah	ENG
bookwide	BW.salit	HUN
bookwide	BW.salit	ENG
ch4b	4.2102	HUN
ch4b	4.2102	ENG
ch4b	4.2160	HUN
ch4b	4.2160	ENG
ch4b	4.2162	HUN
ch4b	4.2162	ENG
ch4b	4.2180	HUN
ch4b	4.2180	ENG
ch4b	4.2186	HUN
ch4b	4.2186	ENG
ch4b	4.2188	HUN
ch4b	4.2188	ENG
ch4b	4.2196	HUN
ch4b	4.2196	ENG
ch4b	4.2204	HUN
ch4b	4.2204	ENG
ch4b	4.2204b	HUN
ch4b	4.2204b	ENG
ch4b	4.2206	HUN
ch4b	4.2206	ENG
ch4b	4.2208	HUN
ch4b	4.2208	ENG
ch4b	4.2222	HUN
ch4b	4.2222	ENG
ch4b	4.2222b	ENG
ch4b	4.2238	HUN
ch4b	4.2238	ENG
ch4b	4.f1a	HUN
ch4b	4.f1a	ENG
ch4b	4.f1b	HUN
ch4b	4.f1b	ENG
ch4b	4.f11a	HUN
ch4b	4.f11a	ENG
ch4b	4.f11b	HUN
ch4b	4.f11b	ENG
ch4b	4.f13	HUN
ch4b	4.f13	ENG
ch4b	4.f14	HUN
ch4b	4.f14	ENG
ch4b	4.f16	HUN
ch4b	4.f16	ENG
ch4b	4.f17	HUN
ch4b	4.f17	ENG
bookwide	BW.madinai	HUN
bookwide	BW.madinai2	HUN
ch4c	4.2184	HUN
ch4c	4.2184	ENG
ch5	5.2359	HUN
ch5	5.2359	ENG
ch5	5.2361a	HUN
ch5	5.2361a	ENG
ch5	5.2361b	HUN
ch5	5.2361c	HUN
ch5	5.2361b	ENG
ch5	5.2361c	ENG
ch5	5.2365a	HUN
ch5	5.2365a	ENG
ch5	5.2365b	HUN
ch5	5.2365b	ENG
ch5	5.2377	HUN
ch5	5.2377	ENG
ch5	5.2415	HUN
ch5	5.2415	ENG
ch5	5.2439	HUN
ch5	5.2439	ENG
ch5	5.2551	HUN
ch5	5.2551	ENG
ch5	5.2579	HUN
ch5	5.2579	ENG
ch5	5.2609	HUN
ch5	5.2609	ENG
ch5	5.2619	HUN
ch5	5.2619	ENG
ch5	5.2629	HUN
ch5	5.2657	HUN
ch5	5.2669	HUN
ch5	5.2669	ENG
ch5	5.2689	HUN
ch5	5.2689	ENG
ch5	5.2701	HUN
ch5	5.2701	ENG
ch5	5.2715	HUN
ch5	5.2715	ENG
ch5	5.2721a	HUN
ch5	5.2721a	ENG
ch5	5.2721b	HUN
ch5	5.2721b	ENG
ch5	5.2733	HUN
ch5	5.2733	ENG
ch5	5.2737	HUN
ch5	5.2737	ENG
ch5	5.f4	HUN
ch5	5.f4	ENG
ch5	5.f6a	HUN
ch5	5.f6a	ENG
ch5	5.f6b	HUN
ch5	5.f6b	ENG
ch5	5.f6c	HUN
ch5	5.f6c	ENG
ch5	5.f6d	HUN
ch5	5.f6d	ENG
ch5	5.f8	HUN
ch5	5.f8	ENG
ch5	5.f18a	HUN
ch5	5.f18a	ENG
ch5	5.f18b	HUN
ch5	5.f18b	ENG
ch5	5.f21a	HUN
ch5	5.f21a	ENG
ch5	5.f21b	HUN
ch5	5.f21b	ENG
bookwide	BW.dblhon	HUN
ch6a	6.2849	HUN
ch6a	6.2849	ENG
ch6a	6.2869	HUN
ch6a	6.2869	ENG
ch6a	6.S'ad	HUN
ch6a	6.S'ad	ENG
ch6a	6.2896	HUN
ch6a	6.2896	ENG
ch6a	6.2897	HUN
ch6a	6.2897	ENG
ch6a	6.2898	HUN
ch6a	6.2898	ENG
ch6a	6.2913	HUN
ch6a	6.2913	ENG
ch6a	6.2929	HUN
ch6a	6.2929	ENG
ch6a	6.2967	HUN
ch6a	6.2967	ENG
ch6a	6.2973	HUN
ch6a	6.2973	ENG
ch6a	6.2975	HUN
ch6a	6.2975	ENG
ch6a	6.2985	HUN
ch6a	6.2985	ENG
ch6a	6.3013	HUN
ch6a	6.3013	ENG
ch6a	6.3027a	HUN
ch6a	6.3027a	ENG
ch6a	6.3027b	HUN
ch6a	6.3055	HUN
ch6a	6.3055	ENG
ch6a	6.3059	HUN
ch6a	6.3059	ENG
ch6a	6.3071	HUN
ch6a	6.3071	ENG
ch6a	6.3077	HUN
ch6a	6.3077	ENG
ch6a	6.3081	HUN
ch6a	6.3081	ENG
ch6a	6.3085	HUN
ch6a	6.3085	ENG
ch6a	6.3095	HUN
ch6a	6.3095	ENG
ch6a	6.3097	HUN
ch6a	6.3097	ENG
ch6a	6.3103	HUN
ch6a	6.3105	HUN
ch6a	6.3105	ENG
ch6a	6.3111	HUN
ch6a	6.3111	ENG
ch6a	6.3133a	HUN
ch6a	6.3133a	ENG
ch6a	6.3133b	HUN
ch6a	6.3133b	ENG
ch6a	6.3139	HUN
ch6a	6.3139	ENG
ch6a	6.3141	HUN
ch6a	6.3141	ENG
ch6a	6.3143	HUN
ch6a	6.3143	ENG
ch6a	6.3145	HUN
ch6a	6.3145	ENG
ch6a	6.3149a	HUN
ch6a	6.3149a	ENG
ch6a	6.3149b	HUN
ch6a	6.3149b	ENG
ch6a	6.3149c	HUN
ch6a	6.3149c	ENG
ch6a	6.3151	HUN
ch6a	6.3151	ENG
ch6a	6.3155	HUN
ch6a	6.3155	ENG
ch6a	6.3157	HUN
ch6a	6.3157	ENG
ch6a	6.3159	HUN
ch6a	6.3159	ENG
ch6a	6.f4	HUN
ch6a	6.f4	ENG
ch6a	6.f5	HUN
ch6a	6.f5	ENG
bookwide	BW.hubab	HUN
bookwide	BW.hubab	ENG
ch6b	6.3241	HUN
ch6b	6.3241	ENG
ch6b	6.3245	HUN
ch6b	6.3245	ENG
ch6b	6.3249a	HUN
ch6b	6.3249a	ENG
ch6b	6.3249b	HUN
ch6b	6.3249b	ENG
ch6b	6.3259	HUN
ch6b	6.3259	ENG
ch6b	6.3265	HUN
ch6b	6.3265	ENG
ch6b	6.3271	HUN
ch6b	6.3271	ENG
ch6b	6.3273	HUN
ch6b	6.3273	ENG
ch6b	6.3275	HUN
ch6b	6.3303	HUN
ch6b	6.3303	ENG
ch6b	6.nailah	HUN
ch6b	6.nailah	ENG
ch6b	6.3345	HUN
ch6b	6.3345	ENG
ch6b	6.3351a	HUN
ch6b	6.3351a	ENG
ch6b	6.3351b	HUN
ch6b	6.3351b	ENG
ch6b	6.naim	HUN
ch6b	6.naim	ENG
ch6b	6.safwan	HUN
ch6b	6.safwan	ENG
ch6b	6.3357	HUN
ch6b	6.3357	ENG
ch6b	6.3373a	HUN
ch6b	6.3373a	ENG
ch6b	6.3373b	HUN
ch6b	6.3373b	ENG
ch6b	6.3377	HUN
ch6b	6.3377	ENG
ch6b	6.3381	HUN
ch6b	6.3391	HUN
ch6b	6.3391	ENG
ch6b	6.3409	HUN
ch6b	6.3409	ENG
ch6b	6.3415	HUN
ch6b	6.3415	ENG
ch6b	6.3417	HUN
ch6b	6.3417	ENG
ch6c	6.3437a	HUN
ch6c	6.3437a	ENG
ch6c	6.3437b	HUN
ch6c	6.3437b	ENG
ch6c	6.3441	HUN
ch6c	6.3441	ENG
ch6c	6.3443a	HUN
ch6c	6.3443a	ENG
ch6c	6.3443b	HUN
ch6c	6.3443b	ENG
ch6c	6.3445a	HUN
ch6c	6.3445a	ENG
ch6c	6.3445b	HUN
ch6c	6.3445b	ENG
ch6c	6.3447	HUN
ch6c	6.3447	ENG
ch6c	6.3459a	HUN
ch6c	6.3459a	ENG
ch6c	6.3459b	HUN
ch6c	6.3459b	ENG
ch6c	6.3459c	ENG
ch6c	6.3467	HUN
ch6c	6.3467	ENG
ch6c	6.3471	HUN
ch6c	6.3471	ENG
ch6c	6.3487a	HUN
ch6c	6.3487a	ENG
ch6c	6.3487b	HUN
ch6c	6.3487b	ENG
ch6c	6.3487c	ENG
ch6c	6.f40	HUN
ch6c	6.f40	ENG
ch6c	6.f41a	HUN
ch6c	6.f41a	ENG
ch6c	6.f41b	HUN
ch6c	6.f41b	ENG
ch6c	6.f43	HUN
ch6c	6.f43	ENG
ch6d	6.3519	HUN
ch6d	6.3519	ENG
ch6d	6.3529	HUN
ch6d	6.3529	ENG
ch6d	6.3543a	HUN
ch6d	6.3543a	ENG
ch6d	6.3543b	HUN
ch6d	6.3543b	ENG
ch6d	6.3561	HUN
ch6d	6.3561	ENG
ch6d	6.3575	HUN
ch6d	6.3575	ENG
ch6d	6.3577	HUN
ch6d	6.3577	ENG
ch6d	6.3579	HUN
ch6d	6.3579	ENG
ch6d	6.3581	HUN
ch6d	6.3581	ENG
ch6d	6.3601	HUN
ch6d	6.3601	ENG
ch6d	6.3603	HUN
ch6d	6.3603b	HUN
ch6d	6.3611	HUN
ch6d	6.3611	ENG
ch6d	6.3617	HUN
ch6d	6.3617	ENG
ch6d	6.3621	HUN
ch6d	6.3621	ENG
ch6e	6.3659	HUN
ch6e	6.3659	ENG
ch6e	6.3659b	ENG
ch6e	6.3663a	HUN
ch6e	6.3663a	ENG
ch6e	6.3663b	HUN
ch6e	6.3663b	ENG
ch6e	6.3671	HUN
ch6e	6.3673	HUN
ch6e	6.3671	ENG
ch6e	6.3673	ENG
ch6e	6.3681	HUN
ch6e	6.3681	ENG
ch6e	6.usfan	HUN
ch6e	6.usfan	ENG
ch6e	6.3713a	HUN
ch6e	6.3713a	ENG
ch6e	6.3713b	HUN
ch6e	6.3713b	ENG
ch6e	6.maunah1	HUN
ch6e	6.maunah2	HUN
ch6e	6.maunah3	HUN
ch6e	6.maunah4	HUN
ch6e	6.maunah1	ENG
ch6e	6.maunah2	ENG
ch6e	6.3719	HUN
ch6e	6.3719	ENG
ch6e	6.3731a	HUN
ch6e	6.3731a	ENG
ch6e	6.3731b	HUN
ch6e	6.3731b	ENG
ch6e	6.3749	HUN
ch6e	6.3749	ENG
ch6e	6.3751	HUN
ch6e	6.3751	ENG
ch6e	6.3761	HUN
ch6e	6.3761	ENG
ch6e	6.3765a	HUN
ch6e	6.3765a	ENG
ch6e	6.3765b	HUN
ch6e	6.3765b	ENG
ch6e	6.3769	HUN
ch6e	6.3769	ENG
ch6e	6.3773	HUN
ch6e	6.3773	ENG
ch6e	6.3775	HUN
ch6e	6.3775	ENG
ch6e	6.3789	HUN
ch6e	6.3789	ENG
ch6f	6.3819	HUN
ch6f	6.3819	ENG
ch6f	6.3831	HUN
ch6f	6.3831	ENG
ch6f	6.usayd	HUN
ch6f	6.usayd	ENG
ch6f	6.3853	HUN
ch6f	6.3853	ENG
ch6f	6.3859	HUN
ch6f	6.3859	ENG
ch6f	6.3877	HUN
ch6f	6.3877	ENG
ch6f	6.3879	HUN
ch6f	6.3903a	HUN
ch6f	6.3903a	ENG
ch6f	6.3903b	HUN
ch6f	6.3903b	ENG
ch6f	6.3909	HUN
ch6f	6.3909	ENG
ch6f	6.3925	HUN
ch6f	6.3925	ENG
ch6f	6.3935	HUN
ch6f	6.3935	ENG
ch6f	6.3939a	HUN
ch6f	6.3939a	ENG
ch6f	6.3939b	HUN
ch6f	6.3939b	ENG
ch6f	6.3941	HUN
ch6f	6.3941	ENG
ch6f	6.3947	HUN
ch6f	6.3947	ENG
ch6f	6.3951	HUN
ch6f	6.3951	ENG
ch6f	6.3953	HUN
ch6f	6.3953	ENG
ch6f	6.3959	HUN
ch6f	6.3959	ENG
ch6f	6.3971	HUN
ch6f	6.3971	ENG
ch6f	6.3999	HUN
ch6f	6.3999	ENG
bookwide	BW.quraydhah	HUN
bookwide	BW.quraydhah1	ENG
bookwide	BW.quraydhah2	ENG
ch6g	6.4021	HUN
ch6g	6.4021	ENG
ch6g	6.4033	HUN
ch6g	6.4033	ENG
ch6g	6.4045	HUN
ch6g	6.naim2	HUN
ch6g	6.naim2a	ENG
ch6g	6.naim2b	ENG
ch6g	6.4065	HUN
ch6g	6.4065	ENG
ch6g	6.4087	HUN
ch6g	6.4087	ENG
ch6g	6.4127a	HUN
ch6g	6.4127a	ENG
ch6g	6.4127b	HUN
ch6g	6.4127b	ENG
ch6g	6.4129	ENG
ch6g	6.4137	HUN
ch6g	6.4137	ENG
ch6g	6.4139	HUN
ch6g	6.4139	ENG
ch6g	6.4189	HUN
ch6g	6.4189	ENG
ch6g	6.4207	HUN
ch6g	6.4211	HUN
ch6g	6.4211	ENG
ch6g	6.4213a	HUN
ch6g	6.4213a	ENG
ch6g	6.4213b	HUN
ch6g	6.4213b	ENG
ch6g	6.4225	HUN
ch6g	6.4225	ENG
ch6g	6.4227a	HUN
ch6g	6.4227a	ENG
ch6g	6.4227b	HUN
ch6g	6.4227b	ENG
ch6g	6.4231	HUN
ch6g	6.4231	ENG
ch6g	6.f15	HUN
ch6g	6.f15	ENG
ch6g	6.f35	HUN
ch6g	6.f35	ENG
ch6g	6.f50	HUN
ch6g	6.f50	ENG
ch6g	6.f63	HUN
ch6g	6.f63	ENG
ch6g	6.f74	HUN
ch6g	6.f74	ENG
ch7a	7.4435	HUN
ch7a	7.4435	ENG
ch7a	7.4437	HUN
ch7a	7.4437	ENG
ch7a	7.4453	HUN
ch7a	7.4453	ENG
ch7a	7.4459	HUN
ch7a	7.4459	ENG
ch7a	7.4471	HUN
ch7a	7.4471	ENG
ch7a	7.4481	HUN
ch7a	7.4481	ENG
ch7a	7.4485	HUN
ch7a	7.4485	ENG
ch7a	7.musayyib	HUN
ch7a	7.musayyib1	ENG
ch7a	7.musayyib2	ENG
ch7a	7.4521	HUN
ch7a	7.4521	ENG
ch7a	7.4543	HUN
ch7a	7.4543	ENG
ch7a	7.4557	HUN
ch7a	7.4557	ENG
ch7a	7.4561	HUN
ch7a	7.4561	ENG
ch7a	7.4567	HUN
ch7a	7.4567	ENG
ch7a	7.4587	HUN
ch7a	7.4587	ENG
ch7b	7.4613a	HUN
ch7b	7.4613a	ENG
ch7b	7.4615	HUN
ch7b	7.4615	ENG
ch7b	7.4629	HUN
ch7b	7.4629	ENG
ch7b	7.4633	HUN
ch7b	7.4633	ENG
ch7b	7.4639	HUN
ch7b	7.4639	ENG
ch7b	7.4641	HUN
ch7b	7.4641b	HUN
ch7b	7.4641	ENG
ch7b	7.4641b	ENG
ch7b	7.4643	HUN
ch7b	7.4643	ENG
ch7b	7.marhab	HUN
ch7b	7.marhab	ENG
ch7b	7.natah	HUN
ch7b	7.huyayy	HUN
ch7b	7.huyayy	ENG
ch7b	7.hashraj	HUN
ch7b	7.hashraj	ENG
ch7b	7.4677	HUN
ch7b	7.4677	ENG
ch7b	7.4733	HUN
ch7b	7.4733	ENG
ch7b	7.4763	HUN
ch7b	7.4763	ENG
ch7b	7.4771	HUN
ch7b	7.4771	ENG
ch7b	7.4783	HUN
ch7b	7.4783	ENG
ch7b	7.4821	HUN
ch7b	7.4821	ENG
ch7b	7.4829	HUN
ch7b	7.4829	ENG
ch7b	7.4837	HUN
ch7b	7.4837	ENG
ch7b	7.6139	HUN
ch7b	7.6139	ENG
ch7c	7.4855	HUN
ch7c	7.4855	ENG
ch7c	7.4869	HUN
ch7c	7.4869	ENG
ch7c	7.4885	HUN
ch7c	7.4885	ENG
ch7c	7.4887	HUN
ch7c	7.4887	ENG
ch7c	7.4905	HUN
ch7c	7.4905	ENG
ch7c	7.4911	HUN
ch7c	7.4911	ENG
ch7c	7.4921	HUN
ch7c	7.4921	ENG
ch7c	7.4929	HUN
ch7c	7.4929	ENG
ch7c	7.4935	HUN
ch7c	7.4935	ENG
ch7c	7.4937	HUN
ch7c	7.4937	ENG
ch7c	7.4945	HUN
ch7c	7.4945	ENG
ch7c	7.4957	HUN
ch7c	7.4957	ENG
ch7c	7.4965	HUN
ch7c	7.4965	ENG
ch7c	7.4967	HUN
ch7c	7.4967	ENG
ch7c	7.4973	HUN
ch7c	7.4973	ENG
ch7c	7.4981	HUN
ch7c	7.4991	HUN
ch7c	7.4991	ENG
ch7c	7.4867	HUN
ch7c	7.4867	ENG
ch7d	7.5017	HUN
ch7d	7.5017	ENG
ch7d	7.5019	HUN
ch7d	7.5019	ENG
ch7d	7.5027	HUN
ch7d	7.5027	ENG
ch7d	7.5051	HUN
ch7d	7.5051	ENG
ch7d	7.5059	HUN
ch7d	7.5059	ENG
ch7d	7.muzaynah	HUN
ch7d	7.muzaynah	ENG
ch7d	7.5139	HUN
ch7d	7.5139	ENG
ch7d	7.himas	HUN
ch7d	7.himas	ENG
ch7d	7.5145	HUN
ch7d	7.5145	ENG
ch7d	7.5151	HUN
ch7d	7.5151	ENG
ch7d	7.5157	HUN
ch7d	7.5157	ENG
ch7d	7.5167	HUN
ch7d	7.5167	ENG
ch7d	7.5177a	HUN
ch7d	7.5177a	ENG
ch7d	7.5177b	HUN
ch7d	7.5177b	ENG
ch7d	7.5185	HUN
ch7d	7.5185	ENG
ch7d	7.5191	HUN
ch7d	7.5191	ENG
ch7d	7.5193	HUN
ch7d	7.5193	ENG
ch7d	7.5199	HUN
ch7d	7.5199	ENG
ch7e	7.5261	HUN
ch7e	7.5261	ENG
ch7e	7.5263	HUN
ch7e	7.5263	ENG
ch7e	7.5273a	HUN
ch7e	7.5273a	ENG
ch7e	7.5273b	HUN
ch7e	7.5273b	ENG
ch7e	7.5279	HUN
ch7e	7.5279	ENG
ch7e	7.5283	HUN
ch7e	7.5283	ENG
ch7e	7.5299	HUN
ch7e	7.5299	ENG
ch7e	7.5305	HUN
ch7e	7.5305	ENG
ch7e	7.5357	HUN
ch7e	7.5357	ENG
ch7e	7.5363	HUN
ch7e	7.5363	ENG
ch7e	7.5375	HUN
ch7e	7.5375	ENG
ch7e	7.5393	HUN
ch7e	7.5393	ENG
ch7e	7.5405	HUN
ch7e	7.5405	ENG
ch7e	7.5357	HUN
ch7e	7.5357	ENG
ch7e	7.5263b	ENG
ch7f	7f.1	HUN
ch7f	7f.1	ENG
ch7f	7f.2	HUN
ch7f	7f.2	ENG
ch7f	7f.3	ENG
ch7f	7f.4	HUN
ch7f	7f.4	ENG
ch7f	7f.5	HUN
ch7f	7f.5	ENG
ch7f	7f.6	HUN
ch7f	7f.6	ENG
ch7f	7f.7	HUN
ch7f	7f.7	ENG
ch7f	7f.2n	HUN
ch7f	7f.2n	ENG
ch7g	7g.1	HUN
ch7g	7g.1	ENG
ch7g	7g.2	HUN
ch7g	7g.2	ENG
ch7g	7g.3	HUN
ch7g	7g.3	ENG
ch7g	7g.4	HUN
ch7g	7g.4	ENG
ch7g	7g.4b	ENG
ch7g	7g.5	HUN
ch7g	7g.5	ENG
ch7g	7g.6	HUN
ch7g	7g.6	ENG
ch7g	7g.7	HUN
ch7g	7g.7	ENG
ch7g	7g.8	HUN
ch7g	7g.8	ENG
ch7g	7g.9	HUN
ch7g	7g.9	ENG
ch7g	7g.10	HUN
ch7g	7g.10	ENG
ch7g	7g.10b	ENG
ch7g	7g.10c	ENG
ch7g	7g.11	HUN
ch7g	7g.11	ENG
ch7g	7g.12	HUN
ch7g	7g.12	ENG
ch7g	7g.13	HUN
ch7g	7g.13	ENG
ch7g	7g.14	HUN
ch7g	7g.14	ENG
ch7g	7g.15	HUN
ch7g	7g.15	ENG
ch7g	7g.16	HUN
ch7g	7g.16	ENG
ch7g	7g.17	HUN
ch7g	7g.17	ENG
ch7g	7g.18	HUN
ch7g	7g.18	ENG
ch7g	7g.19	HUN
ch7g	7g.20	HUN
ch7g	7g.19	ENG
ch7g	7g.20	ENG
ch7g	7g.21	HUN
ch7g	7g.21b	HUN
ch7g	7g.21	ENG
ch7g	7g.21b	ENG
ch7g	7g.22	HUN
ch7g	7g.22	ENG
ch7g	7g.23	HUN
ch7g	7g.23	ENG
ch7g	7g.24	HUN
ch7g	7g.24	ENG
ch7g	7g.25	HUN
ch7g	7g.25	ENG
ch7g	7g.26	HUN
ch7g	7g.26	ENG
ch7g	7g.27	HUN
ch7g	7g.27	ENG
ch7g	7g.28	HUN
ch7g	7g.28	ENG
ch7g	7g.29	HUN
ch7g	7g.29	ENG
ch7g	7g.30	HUN
ch7g	7g.30	ENG
ch7g	7g.31	HUN
ch7g	7g.31	ENG
ch7g	7g.32	HUN
ch7g	7g.32	ENG
ch7g	7g.33	HUN
ch7g	7g.33	ENG
ch7g	7g.f5	HUN
ch7g	7g.f5	ENG
ch7g	7g.f27	HUN
ch7g	7g.f27	ENG
ch7g	7g.f28	HUN
ch7g	7g.f28	ENG
ch7g	7g.f64	HUN
ch7g	7g.f64	ENG
ch7g	7g.f71	HUN
ch7g	7g.f71	ENG
ch7g	7g.f72	HUN
ch7g	7g.f72	ENG
ch7g	7g.f51	HUN
ch7g	7g.f51	ENG
ch7g	7g.f52	HUN
ch7g	7g.f52	ENG
ch7g	7g.f119	HUN
ch7g	7g.f119	ENG
ch7g	7g.f120	HUN
ch7g	7g.f120	ENG
ch8	8.1	HUN
ch8	8.1	ENG
ch8	8.2	HUN
ch8	8.2	ENG
ch8	8.3	HUN
ch8	8.3	ENG
ch8	8.4	HUN
ch8	8.4	ENG
ch8	8.4b	ENG
ch8	8.4c	ENG
ch8	8.5	HUN
ch8	8.5	ENG
ch8	8.6	HUN
ch8	8.6	ENG
ch8	8.7	HUN
ch8	8.7b	HUN
ch8	8.7b	ENG
ch8	8.7c	HUN
ch8	8.8	HUN
ch8	8.8	ENG
ch8	8.9	HUN
ch8	8.9	ENG
ch8	8.10	HUN
ch8	8.10	ENG
ch8	8.11	HUN
ch8	8.11	ENG
ch8	8.12	HUN
ch8	8.12	ENG
ch8	8.13	HUN
ch8	8.13	ENG
ch8	8.14	HUN
ch8	8.14	ENG
ch8	8.15	HUN
ch8	8.16	HUN
ch8	8.16	ENG
ch8	8.17	HUN
ch8	8.17	ENG
ch8	8.18	HUN
ch8	8.18	ENG
ch8	8.19	HUN
ch8	8.19	ENG
ch8	8.20	HUN
ch8	8.20	ENG
ch8	8.21	HUN
ch8	8.21	ENG
ch8	8.21b	HUN
ch8	8.21b	ENG
ch8	8.22	HUN
ch8	8.22	ENG
ch8	8.23	HUN
ch8	8.23	ENG
ch8	8.24	HUN
ch8	8.24	ENG
bookwide	BW.jannah1	HUN
bookwide	BW.jannah2	HUN
bookwide	BW.jannah3	HUN
bookwide	BW.muzaynah	HUN
bookwide	BW.quraishbol	HUN
bookwide	BW.aws	HUN
bookwide	BW.aws1	ENG
bookwide	BW.aws2	ENG
bookwide	BW.aws3	ENG
bookwide	BW.aws4	ENG
bookwide	BW.aws5	ENG
bookwide	BW.aws6	ENG
bookwide	BW.aws7	ENG
bookwide	BW.juwayriyah	HUN
bookwide	BW.juwayriyah	ENG
bookwide	BW.uhud	HUN
bookwide	BW.uhudi	HUN
bookwide	BW.signature	HUN
bookwide	BW.q1605	HUN
bookwide	BW.q1609a	HUN
bookwide	BW.q1609b	HUN
bookwide	BW.q1934	HUN
bookwide	BW.q1934b	HUN
bookwide	BW.q2549	HUN
bookwide	BW.q2747	HUN
bookwide	BW.q2933	HUN
bookwide	BW.q2961	HUN
bookwide	BW.q3257	HUN
bookwide	BW.q3589	HUN
bookwide	BW.q3915	HUN
bookwide	BW.q6241	HUN
bookwide	BW.i953	HUN
bookwide	BW.i961	HUN
bookwide	BW.i961b	HUN
bookwide	BW.i1005	HUN
bookwide	BW.i1133	HUN
bookwide	BW.i1133b	HUN
bookwide	BW.i1340	HUN
bookwide	BW.i1342	HUN
bookwide	BW.i1344	HUN
bookwide	BW.i2857	HUN
bookwide	BW.q3301	HUN
d1_content	D5.oaths	HUN
d1_content	D5.fogadom	HUN
d1_content	D5.fogadtak	HUN
d1_content	D5.harag	HUN
d1_content	D5.atka	HUN
d1_content	D5.atkatol	HUN
d1_content	D5.ozayd	HUN
d1_content	D5.abalah	HUN
d1_content	D5.bismika	HUN
d1_content	D5.nidd	HUN
d1_content	D5.yabath	HUN
d1_content	D5.najjaha	HUN
d1_content	D5.arda	HUN
d1_content	D5.amr	HUN
d1_content	D5.bayt	HUN
d1_content	D5.muqawqis	HUN
d1_content	D5.fadda	HUN
d1_content	D5.ghassan	HUN
d1_content	D5.kalima	HUN
d1_content	D5.tawhid	HUN
d1_content	D5.ilah	HUN
d1_content	D7.traits	HUN
d1_content	D7.traits	ENG
d1_content	D7.usury	HUN
d1_content	D7.usury	ENG
d1_content	D8.bazr	HUN
d1_content	D8.bazr	ENG
d1_content	D9.salib1	HUN
d1_content	D9.salib2	HUN
d1_content	D9.salib1	ENG
d1_content	D9.salib2	ENG
d1_content	D9.trinity	ENG
d1_content	D10.prov	HUN
d1_content	D10.quran	HUN
d1_content	D11.a	HUN
d1_content	D11.b	HUN
d1_content	D11.c	HUN
d1_content	D11.d	HUN
d1_content	D5.khadhala	HUN
d1_content	D5.harag2	HUN
d1_content	D5.hanif	HUN
d1_content	D5.hatib	HUN
d1_content	D5.ahabb	HUN
d1_content	D5.gift	HUN
d1_content	D5.jazak	HUN
d1_content	D5.lailah	HUN
